I'm sorry, but errors were detected in your script. Please correct the
errors listed below, and try again.


File "game/script.rpy", line 253: Line is followed by a block, despite not being a menu choice. Did you forget a colon at the end of the line?
    "you're making it feel less alone."
                                       ^

Ren'Py Version: Ren'Py 8.3.2.24090902
Sat Sep 27 21:58:13 2025
